// Jest Snapshot v1, https://goo.gl/fbAQLP

exports[`o.js 1`] = `
====================================options=====================================
alignObjectProperties: true
parsers: ["babel"]
printWidth: 80
                                                                                | printWidth
=====================================input======================================
o = {
  [name]: 'value',
  2:3,
  "k-2":2,
  keyasdf:3
}
=====================================output=====================================
o = {
  [name]  : "value",
  2       : 3,
  "k-2"   : 2,
  keyasdf : 3
};

================================================================================
`;