// Jest Snapshot v1, https://goo.gl/fbAQLP

exports[`o.js 1`] = `
====================================options=====================================
alignObjectProperties: true
parsers: ["babel"]
printWidth: 80
                                                                                | printWidth
=====================================input======================================
o = {
  [name]: 'value',
  2:3,
  "k-2":2,
  keyasdf:3,
  test: {
      with: "lines"
  },
  asdf:3,
  key:1,
  [key_long]: 'value',
  tests: () => 
  "super long string to force a new line because I think that won't work like I want it to",
  as:3,test: {
    with: "lines"
}
};

=====================================output=====================================
o = {
  [name]  : "value",
  2       : 3,
  "k-2"   : 2,
  keyasdf : 3,
  test    : {
    with : "lines"
  },
  asdf       : 3,
  key        : 1,
  [key_long] : "value",
  tests      : () =>
    "super long string to force a new line because I think that won't work like I want it to",
  as   : 3,
  test : {
    with : "lines"
  }
};

================================================================================
`;
